0 1 2 3 4 5 6 7 8 9 
..Fragment IMIA’J deleted. n 616.000000/ fn 1.000000* exp(-B 1.117815- beta 0.401051* diff -57.087059) = 1766885651079.185547
Fragment IMIA’J deleted. n 615.000000/ fn 1.000000* exp(-B 1.117815- beta 0.401051* diff -87.706543) = 379861075780663232.000000
..Fragment FORM«C deleted. n 602.000000/ fn 1.000000* exp(-B 2.709987- beta 0.401051* diff -8.527107) = 1224.237278
..Fragment MAMYXX deleted. n 703.000000/ fn 1.000000* exp(-B -27.280590- beta 0.401051* diff -5316202496.000000) = inf
Fragment IMIA’J deleted. n 614.000000/ fn 1.000000* exp(-B 1.117815- beta 0.401051* diff -1571.218506) = 929655442094917407650212414758626534747284632381013364367109640513006538682921435683696538423727049771787574515594537075455697709918962560017452611881482374025058601887645210852942303925888564993721649097870739935113280253328684693411223960033548198361841047469329344809140224.000000
Fragment SOL ;_ deleted. n 136172.000000/ fn 1.000000* exp(-B 9.900322- beta 0.401051* diff -3946.889893) = inf
.Fragment SOL ;_ deleted. n 136171.000000/ fn 1.000000* exp(-B 9.900322- beta 0.401051* diff -1353.340088) = 355844658677218830699683968483803220970139600066306423436632412635507470660479978127730227990311536465694644528727437309432525922749298697011355875263919887891300424518447716233710615164476699434262041164740142839778395006413218582102016.000000
Fragment BENX( deleted. n 659.000000/ fn 1.000000* exp(-B 5.332859- beta 0.401051* diff -505.234619) = 31743432037599002042211251428307129231462591852898074251653125436797151099606525468999680.000000
Fragment SOL ;_ added. fnTmp 0.899093 / (n 136170.000000 + 1) * exp(B 9.900322 - beta 0.401051 * diff -6.061899) = 1.496928
Fragment BENX( deleted. n 658.000000/ fn 1.000000* exp(-B 5.332859- beta 0.401051* diff -54.752380) = 10930569771.305441
.Fragment IMIA’J deleted. n 613.000000/ fn 1.000000* exp(-B 1.117815- beta 0.401051* diff -61.864323) = 11944389026370.554688
Fragment BENX( deleted. n 657.000000/ fn 1.000000* exp(-B 5.332859- beta 0.401051* diff -17.509560) = 3558.331569
Fragment DMEEâ5 deleted. n 585.000000/ fn 1.000000* exp(-B 6.431738- beta 0.401051* diff -57.364586) = 9232394773.079529
Fragment IMIA’J deleted. n 612.000000/ fn 1.000000* exp(-B 1.117815- beta 0.401051* diff -2321717504.000000) = inf
.Fragment DMEEâ5 deleted. n 584.000000/ fn 1.000000* exp(-B 6.431738- beta 0.401051* diff -11.403313) = 91.055592
Fragment SOL ;_ added. fnTmp 0.899093 / (n 136171.000000 + 1) * exp(B 9.900322 - beta 0.401051 * diff -26.812803) = 6158.409240
Fragment SOL ;_ deleted. n 136172.000000/ fn 1.000000* exp(-B 9.900322- beta 0.401051* diff -2419.085205) = inf
Fragment IMIA’J deleted. n 611.000000/ fn 1.000000* exp(-B 1.117815- beta 0.401051* diff -6574954.500000) = inf
Fragment IMIA’J deleted. n 610.000000/ fn 1.000000* exp(-B 1.117815- beta 0.401051* diff -221635328.000000) = inf
Fragment SOL ;_ deleted. n 136171.000000/ fn 1.000000* exp(-B 9.900322- beta 0.401051* diff -3820.929688) = inf
.Fragment BENX( deleted. n 656.000000/ fn 1.000000* exp(-B 5.332859- beta 0.401051* diff -51549.968750) = inf
Fragment SOL ;_ deleted. n 136170.000000/ fn 1.000000* exp(-B 9.900322- beta 0.401051* diff -59.887329) = 184183034600.577698
.Fragment BENX( deleted. n 655.000000/ fn 1.000000* exp(-B 5.332859- beta 0.401051* diff -1000.488831) = 5747522284431688653759050469160033521018171643743585762859885013515042304554814143971139527104974710244963978166175287423307114549665520124438964991193671799808277130583736320.000000
.Fragment FORM«C deleted. n 601.000000/ fn 1.000000* exp(-B 2.709987- beta 0.401051* diff -1099.442749) = 12486055990298255832150483963844720660280385763239098072961696734777358921470807357968891022218645930175436398437400226305392995165249558026270126493025206742791274281701738825708016299593957376.000000
.Fragment ACEYuQ deleted. n 624.000000/ fn 1.000000* exp(-B -32.514301- beta 0.401051* diff -26120.742188) = inf
.Fragment MAMYXX deleted. n 702.000000/ fn 1.000000* exp(-B -27.280590- beta 0.401051* diff -3571.914795) = inf
Fragment BENX( deleted. n 654.000000/ fn 1.000000* exp(-B 5.332859- beta 0.401051* diff -2571.295166) = inf
Fragment IMIA’J deleted. n 609.000000/ fn 1.000000* exp(-B 1.117815- beta 0.401051* diff -2917959.250000) = inf
.Fragment MAMYXX deleted. n 701.000000/ fn 1.000000* exp(-B -27.280590- beta 0.401051* diff -5740.124512) = inf
Fragment BENX( deleted. n 653.000000/ fn 1.000000* exp(-B 5.332859- beta 0.401051* diff -923.147217) = 193751169634313995209396504834244752861713806481735784997831440346322212176687023714751848806389425538571550729987886279638730629772798763908585282063145940025344.000000
Fragment SOL ;_ deleted. n 136169.000000/ fn 1.000000* exp(-B 9.900322- beta 0.401051* diff -62.184139) = 462691309133.956238
Fragment BENX( deleted. n 652.000000/ fn 1.000000* exp(-B 5.332859- beta 0.401051* diff -717.441284) = 287029879007423465941001896427089757945876155366892300988460956994946482047386432359920328260670948113410530779568030055661568.000000
Fragment FORM«C deleted. n 600.000000/ fn 1.000000* exp(-B 2.709987- beta 0.401051* diff -162.397583) = 770329361419931074522528088064.000000
Fragment SOL ;_ added. fnTmp 0.899093 / (n 136168.000000 + 1) * exp(B 9.900322 - beta 0.401051 * diff -3.363595) = 0.507262
.Fragment PRPX/ deleted. n 703.000000/ fn 1.000000* exp(-B 7.121545- beta 0.401051* diff -1571395.625000) = inf
.Fragment DMEEâ5 deleted. n 583.000000/ fn 1.000000* exp(-B 6.431738- beta 0.401051* diff -844.476501) = 1143824413811818965329511508552573745231233829505021687975356810087266355996876542755320225760401027993287465612491601995384775235974644519932002304.000000
Fragment FORM«C deleted. n 599.000000/ fn 1.000000* exp(-B 2.709987- beta 0.401051* diff -72279.476562) = inf
Fragment ACEYuQ deleted. n 623.000000/ fn 1.000000* exp(-B -32.514301- beta 0.401051* diff -2530.893799) = inf
Fragment ACEYuQ deleted. n 622.000000/ fn 1.000000* exp(-B -32.514301- beta 0.401051* diff -761765.562500) = inf
.Fragment IMIA’J deleted. n 608.000000/ fn 1.000000* exp(-B 1.117815- beta 0.401051* diff -181939.781250) = inf
Fragment SOL ;_ deleted. n 136169.000000/ fn 1.000000* exp(-B 9.900322- beta 0.401051* diff -7255.188477) = inf
Fragment BENX( deleted. n 651.000000/ fn 1.000000* exp(-B 5.332859- beta 0.401051* diff -9772536.000000) = inf
Fragment FORM«C deleted. n 598.000000/ fn 1.000000* exp(-B 2.709987- beta 0.401051* diff -105.433578) = 91953976592294100992.000000
Fragment BENX( deleted. n 650.000000/ fn 1.000000* exp(-B 5.332859- beta 0.401051* diff -4800573.000000) = inf
.Fragment SOL ;_ deleted. n 136168.000000/ fn 1.000000* exp(-B 9.900322- beta 0.401051* diff -6316.705566) = inf
Fragment BENX( deleted. n 649.000000/ fn 1.000000* exp(-B 5.332859- beta 0.401051* diff -545720448.000000) = inf
Fragment DMEEâ5 deleted. n 582.000000/ fn 1.000000* exp(-B 6.431738- beta 0.401051* diff -737.716064) = 290206854401651980130886907389313116120155455874141504283327041154747981841610954741960079578512687821692022240447285337190825984.000000
Fragment SOL ;_ deleted. n 136167.000000/ fn 1.000000* exp(-B 9.900322- beta 0.401051* diff -2134.064697) = inf
.CHARMM force field parameters not found.
Extracting CHARMM force field parameters...
Start GCMC simulation at 2024-03-23 16:01:07...
par ['charmm36.ff/ffnonbonded.itp', 'charmm36.ff/silcs.itp', 'charmm36.ff/nbfix.itp']
fragitp ['charmm36.ff/mol/benx.itp', 'charmm36.ff/mol/prpx.itp', 'charmm36.ff/mol/dmee.itp', 'charmm36.ff/mol/meoh.itp', 'charmm36.ff/mol/form.itp', 'charmm36.ff/mol/imia.itp', 'charmm36.ff/mol/acey.itp', 'charmm36.ff/mol/mamy.itp', 'charmm36.ff/mol/sol.itp']
atomtypes ['charmm36.ff/atomtypes.atp']
monomerdir ['charmm36.ff/mol']
top ['memcrowdatp_m4_silcs.6.gc.3.top']
pdb ['memcrowdatp_m4_silcs.6.prod.3.rec.pdb']
protitp ['memcrowdatp_m4_silcs.6.top']
grid_dx ['1.000']
box_size ['99.053   96.498  249.041']
gc_center ['73.526   72.249  136.520']
sys_center ['81.498   80.082  127.500']
energy_cutoff_frag ['12.000']
energy_cutoff_prot ['12.000']
use_group_cutoff ['yes']
use_cavity_bias ['yes']
use_conf_bias ['yes']
num_conf_bias_trial ['500']
use_const_water_nbar ['yes']
const_water_nbar ['135905']
random_seed ['484']
fragname ['benx     prpx     dmee     meoh     form     imia     acey     mamy      sol']
fragconc ['0.25     0.25     0.25     0.25     0.25     0.25     0.25     0.25    55.00']
fragmuex ['-3.59     0.87    -0.85    -4.59   -10.13   -14.10   -97.96   -84.91    -5.65']
fragconf ['400       15       15       10       20      300      200      100        2']
mctime ['0.025    0.025    0.025    0.025    0.025    0.025    0.025    0.025    0.800']
insdel_frac ['0.6']
nprint ['10000']
conserve_frags ['no']
map_generation ['yes']
op_top ['memcrowdatp_m4_silcs.6.gc.4.top']
op_pdb ['memcrowdatp_m4_silcs.6.gc.4.pdb']
initcycle ['no']
map_filename_prefix ['gc_maps/memcrowdatp_m4_silcs.gc.6.4']
mcsteps ['2000']
Using pdb file: memcrowdatp_m4_silcs.6.prod.3.rec.pdb
Using top file: memcrowdatp_m4_silcs.6.gc.3.top
Using output pdb file: memcrowdatp_m4_silcs.6.gc.4.pdb
Using output top file: memcrowdatp_m4_silcs.6.gc.4.top
Fragment benx:	muex: -3.59	conf: 400	conc: 0.25	mctime: 0.025
Fragment prpx:	muex: 0.87	conf: 15	conc: 0.25	mctime: 0.025
Fragment dmee:	muex: -0.85	conf: 15	conc: 0.25	mctime: 0.025
Fragment meoh:	muex: -4.59	conf: 10	conc: 0.25	mctime: 0.025
Fragment form:	muex: -10.13	conf: 20	conc: 0.25	mctime: 0.025
Fragment imia:	muex: -14.1	conf: 300	conc: 0.25	mctime: 0.025
Fragment acey:	muex: -97.96	conf: 200	conc: 0.25	mctime: 0.025
Fragment mamy:	muex: -84.91	conf: 100	conc: 0.25	mctime: 0.025
Fragment sol:	muex: -5.65	conf: 2	conc: 55.0	mctime: 0.8
Using MC steps: 2000
Using cavity bias dx: 1.0
Using seed: 484
Using pdb file: memcrowdatp_m4_silcs.6.prod.3.rec.pdb
pdb atom number: 608963
pdb cryst: [147.053, 144.498, 273.041]
Total volume: 5801811.183002153
Using top file: memcrowdatp_m4_silcs.6.gc.3.top
top atom number: 608963
Read solute: BENX with 13 atoms
Read solute: PRPX with 12 atoms
Read solute: DMEE with 9 atoms
Read solute: MEOH with 6 atoms
Read solute: FORM with 6 atoms
Read solute: IMIA with 9 atoms
Read solute: ACEY with 8 atoms
Read solute: MAMY with 9 atoms
Read solute: SOL with 3 atoms
Using force field file: charmm36.ff/ffnonbonded.itp ,	nb number: 445 ,	nbfix number: 37932
Using force field file: charmm36.ff/nbfix.itp ,	nb number: 0 ,	nbfix number: 96
Using force field file: charmm36.ff/silcs.itp ,	nb number: 2 ,	nbfix number: 2
Solute BENX	 Movement 52 times	Insert 17 times	Delete 20 times	Translate 6 times	Rotate 9 times	
Solute PRPX	 Movement 37 times	Insert 12 times	Delete 11 times	Translate 7 times	Rotate 7 times	
Solute DMEE	 Movement 52 times	Insert 21 times	Delete 12 times	Translate 7 times	Rotate 12 times	
Solute MEOH	 Movement 45 times	Insert 14 times	Delete 9 times	Translate 10 times	Rotate 12 times	
Solute FORM	 Movement 69 times	Insert 20 times	Delete 24 times	Translate 12 times	Rotate 13 times	
Solute IMIA	 Movement 44 times	Insert 16 times	Delete 9 times	Translate 10 times	Rotate 9 times	
Solute ACEY	 Movement 54 times	Insert 16 times	Delete 10 times	Translate 12 times	Rotate 16 times	
Solute MAMY	 Movement 47 times	Insert 16 times	Delete 11 times	Translate 14 times	Rotate 6 times	
Solute SOL	 Movement 1600 times	Insert 404 times	Delete 386 times	Translate 390 times	Rotate 420 times	
Getting grid points...
x direction: min = -30.568 max = 161.859	y direction: min = -9.247 max = 179.459	z direction: min = -3.069 max = 275.697
x center = 65.6455	y center = 85.106	z center = 136.314
startxyz = [-7.881, 12.857, -0.20650000000000546]	endxyz = [139.172, 157.355, 272.8345]
Using cavity bias: True
Grid dx = 1.0
grid_n = [147, 144, 273]
The number of grid points = 5195735
cavity_bias_factor = 0.8990927974771512
MC steps: 2000
Solute Name: 		 BENX		PRPX		DMEE		MEOH		FORM		IMIA		ACEY		MAMY		SOL
Solute Muex: 		 -3.59		0.87		-0.85		-4.59		-10.13		-14.1		-97.96		-84.91		-5.65
Solute Conc: 		 0.25		0.25		0.25		0.25		0.25		0.25		0.25		0.25		55.0
Solute ConfB: 	 400		15		15		10		20		300		200		100		2
Solute mcTime: 	 0.025		0.025		0.025		0.025		0.025		0.025		0.025		0.025		0.8
Solute atom type number: 26
Total atom type number: 88
Total FF pair number: 2288
Total fixed atom number: 154146
Total relax atom number: 454817
Solute BENX: Total number: 659, Max number: 1764
Solute PRPX: Total number: 703, Max number: 1759
Solute DMEE: Total number: 585, Max number: 1768
Solute MEOH: Total number: 593, Max number: 1761
Solute FORM: Total number: 602, Max number: 1767
Solute IMIA: Total number: 616, Max number: 1763
Solute ACEY: Total number: 624, Max number: 1763
Solute MAMY: Total number: 703, Max number: 1763
Solute SOL: Total number: 136172, Max number: 384791
Python time used: 40.928762435913086 s
Start GPU simulation...
End GPU simulation...
GPU simulation time: 76.97 s
Getting data...
Solute BENX: Total number: 645
Solute PRPX: Total number: 701
Solute DMEE: Total number: 581
Solute MEOH: Total number: 593
Solute FORM: Total number: 597
Solute IMIA: Total number: 607
Solute ACEY: Total number: 618
Solute MAMY: Total number: 699
Solute SOL: Total number: 136165
GCMC simulation finished at 2024-03-23 16:03:09...
Time used: 122.14844369888306 s
Fragment ACEYuQ deleted. n 621.000000/ fn 1.000000* exp(-B -32.514301- beta 0.401051* diff -125270504.000000) = inf
Fragment BENX( deleted. n 648.000000/ fn 1.000000* exp(-B 5.332859- beta 0.401051* diff -325039200.000000) = inf
Fragment SOL ;_ deleted. n 136166.000000/ fn 1.000000* exp(-B 9.900322- beta 0.401051* diff -125.461258) = 48586856837499032961024.000000
Fragment MAMYXX deleted. n 700.000000/ fn 1.000000* exp(-B -27.280590- beta 0.401051* diff -29543744.000000) = inf
Fragment PRPX/ deleted. n 702.000000/ fn 1.000000* exp(-B 7.121545- beta 0.401051* diff -169107.109375) = inf
Fragment ACEYuQ deleted. n 620.000000/ fn 1.000000* exp(-B -32.514301- beta 0.401051* diff -24966.322266) = inf
Fragment BENX( deleted. n 647.000000/ fn 1.000000* exp(-B 5.332859- beta 0.401051* diff -19809550.000000) = inf
Fragment BENX( deleted. n 646.000000/ fn 1.000000* exp(-B 5.332859- beta 0.401051* diff 0.082181) = 3.019169
Fragment ACEYuQ deleted. n 619.000000/ fn 1.000000* exp(-B -32.514301- beta 0.401051* diff -23360018.000000) = inf

